// Jest Snapshot v1, https://goo.gl/fbAQLP

exports[`Renders App component correctly 1`] = `
Array [
  "0",
  <div
    className="page-content"
  >
    <section
      className="catalog"
    >
      <h2
        className="catalog__title visually-hidden"
      >
        Catalog
      </h2>
      <ul
        className="catalog__genres-list"
      >
        <li
          className="catalog__genres-item"
        >
          <a
            className="catalog__genres-link"
            href="#"
            onClick={[Function]}
          >
            all genres
          </a>
        </li>
      </ul>
      <div
        className="catalog__movies-list"
      />
    </section>
  </div>,
]
`;
